2026-01-22 22:55:46,648 | INFO | Запуск теста - Позитивный сценарий
2026-01-22 22:55:48,690 | INFO | Старт опроса сервера для 1
2026-01-22 22:55:50,743 | INFO | Попытка запроса 1
2026-01-22 22:55:50,748 | INFO | Получен ответ от сервера для попытки 1
2026-01-22 22:55:50,749 | INFO | Тест пройден успешно
2026-01-22 22:55:50,752 | INFO | Запуск теста - Негативный сценарий
2026-01-22 22:55:52,813 | INFO | Тест пройден успешно
2026-01-22 22:55:52,815 | INFO | Запуск параметризированного теста - аргумент RESTART
2026-01-22 22:55:54,856 | INFO | Параметризирвоанный тест RESTART пройден успешно
2026-01-22 22:55:54,858 | INFO | Запуск параметризированного теста - аргумент RESET
2026-01-22 22:55:56,900 | INFO | Параметризирвоанный тест RESET пройден успешно
